// Jest Snapshot v1, https://goo.gl/fbAQLP

exports[`MongoBinaryDownloadUrl getDownloadUrl() for linux for debian should throw a Error when requesting a version below 4.2.1 for debian 10+ [#554] [KnownVersionIncompatibilityError] 1`] = `
"Requested Version \\"4.0.25\\" is not available for \\"Debian 10\\"! Available Versions: \\">=4.2.1\\"
Mongodb does not provide binaries for versions before 4.2.1 for Debian 10+ and also cannot be mapped to a previous Debian release"
`;

exports[`MongoBinaryDownloadUrl getDownloadUrl() for linux for debian should throw a Error when requesting a version below 4.2.1 for debian 11+ [#554] [KnownVersionIncompatibilityError] 1`] = `
"Requested Version \\"4.0.25\\" is not available for \\"Debian 11\\"! Available Versions: \\">=4.2.1\\"
Mongodb does not provide binaries for versions before 4.2.1 for Debian 10+ and also cannot be mapped to a previous Debian release"
`;

exports[`MongoBinaryDownloadUrl getDownloadUrl() for linux for debian should throw a Error when requesting a version below 4.2.1 for debian testing [KnownVersionIncompatibilityError] 1`] = `
"Requested Version \\"4.0.25\\" is not available for \\"Debian trixie\\"! Available Versions: \\">=4.2.1\\"
Mongodb does not provide binaries for versions before 4.2.1 for Debian 10+ and also cannot be mapped to a previous Debian release"
`;

exports[`MongoBinaryDownloadUrl getDownloadUrl() for linux for debian should throw a Error when the provided version could not be coerced [UnknownVersionError] 1`] = `"Could not corece VERSION to a semver version (version: \\"vvv\\")"`;

exports[`MongoBinaryDownloadUrl getDownloadUrl() for linux for rhel should Error when ARM64 and rhel below 8 [KnownVersionIncompatibilityError] 1`] = `
"Requested Version \\"4.4.2\\" is not available for \\"Rhel 7\\"! Available Versions: \\">=4.4.2\\"
ARM64(aarch64) support for rhel is only for rhel82 or higher"
`;

exports[`MongoBinaryDownloadUrl getDownloadUrl() for linux for rhel should Error when ARM64 and version below 4.4.2 is requested [KnownVersionIncompatibilityError] 1`] = `
"Requested Version \\"4.4.0\\" is not available for \\"Rhel 8\\"! Available Versions: \\">=4.4.2\\"
ARM64(aarch64) support for rhel is only for rhel82 or higher"
`;

exports[`MongoBinaryDownloadUrl getDownloadUrl() for linux for rhel should throw a Error when the provided version could not be coerced [UnknownVersionError] 1`] = `"Could not corece VERSION to a semver version (version: \\"vvv\\")"`;

exports[`MongoBinaryDownloadUrl getDownloadUrl() for linux for ubuntu should throw a Error when the provided version could not be coerced [UnknownVersionError] 1`] = `"Could not corece VERSION to a semver version (version: \\"vvv\\")"`;

exports[`MongoBinaryDownloadUrl getDownloadUrl() should throw an error if platform is unknown (getArchiveName) 1`] = `"Unknown Platform: \\"unknown\\""`;

exports[`MongoBinaryDownloadUrl getDownloadUrl() should throw an error if platform is unknown (translatePlatform) 1`] = `"Unknown Platform: \\"unknown\\""`;

exports[`MongoBinaryDownloadUrl translateArch() should throw an error for "ia32" and unsupported platform 1`] = `"Unsupported Architecture-Platform combination: arch: \\"ia32\\", platform: \\"darwin\\""`;

exports[`MongoBinaryDownloadUrl translateArch() should throw an error for an unsupported architecture 1`] = `"Unsupported Architecture: \\"risc\\""`;
