// Jest Snapshot v1, https://goo.gl/fbAQLP

exports[`MongoMemoryReplSet "_waitForPrimary" should throw an error if timeout is reached 1`] = `"{\\"timeout\\":1}"`;

exports[`MongoMemoryReplSet getters & setters setter of "replSetOpts" should throw an error if count is 1 or above 1`] = `"ReplSet Count needs to be 1 or higher! (specified count: \\"0\\")"`;

exports[`MongoMemoryReplSet getters & setters state errors setter of "binaryOpts" should throw an error if state is not "stopped" 1`] = `
"Incorrect State for operation: \\"init\\", allowed States: \\"[stopped]\\"
This may be because of using a v6.x way of calling functions, look at the following guide if anything applies:
https://typegoose.github.io/mongodb-memory-server/docs/guides/migration/migrate7#no-function-other-than-start-create-ensureinstance-will-be-starting-anything"
`;

exports[`MongoMemoryReplSet getters & setters state errors setter of "instanceOpts" should throw an error if state is not "stopped" 1`] = `
"Incorrect State for operation: \\"init\\", allowed States: \\"[stopped]\\"
This may be because of using a v6.x way of calling functions, look at the following guide if anything applies:
https://typegoose.github.io/mongodb-memory-server/docs/guides/migration/migrate7#no-function-other-than-start-create-ensureinstance-will-be-starting-anything"
`;

exports[`MongoMemoryReplSet getters & setters state errors setter of "replSetOpts" should throw an error if state is not "stopped" 1`] = `
"Incorrect State for operation: \\"init\\", allowed States: \\"[stopped]\\"
This may be because of using a v6.x way of calling functions, look at the following guide if anything applies:
https://typegoose.github.io/mongodb-memory-server/docs/guides/migration/migrate7#no-function-other-than-start-create-ensureinstance-will-be-starting-anything"
`;

exports[`single server replset "_initReplSet" should throw an error if _state is not "init" 1`] = `
"Incorrect State for operation: \\"running\\", allowed States: \\"[init]\\"
This may be because of using a v6.x way of calling functions, look at the following guide if anything applies:
https://typegoose.github.io/mongodb-memory-server/docs/guides/migration/migrate7#no-function-other-than-start-create-ensureinstance-will-be-starting-anything"
`;

exports[`single server replset "_initReplSet" should throw if server count is 0 or less 1`] = `"One or more servers are required."`;

exports[`single server replset "getUri" should throw an error if _state is not "running" or "init" 1`] = `
"Incorrect State for operation: \\"stopped\\", allowed States: \\"[running,init]\\"
This may be because of using a v6.x way of calling functions, look at the following guide if anything applies:
https://typegoose.github.io/mongodb-memory-server/docs/guides/migration/migrate7#no-function-other-than-start-create-ensureinstance-will-be-starting-anything"
`;

exports[`single server replset "new" should throw an error if replSet count is 0 or less 1`] = `"ReplSet Count needs to be 1 or higher! (specified count: \\"0\\")"`;

exports[`single server replset "start" should throw an error if _state is not "stopped" 1`] = `
"Incorrect State for operation: \\"running\\", allowed States: \\"[stopped]\\"
This may be because of using a v6.x way of calling functions, look at the following guide if anything applies:
https://typegoose.github.io/mongodb-memory-server/docs/guides/migration/migrate7#no-function-other-than-start-create-ensureinstance-will-be-starting-anything"
`;

exports[`single server replset "waitUntilRunning" should throw an error if _state is not "init" 1`] = `
"Incorrect State for operation: \\"stopped\\", allowed States: \\"[running,init]\\"
This may be because of using a v6.x way of calling functions, look at the following guide if anything applies:
https://typegoose.github.io/mongodb-memory-server/docs/guides/migration/migrate7#no-function-other-than-start-create-ensureinstance-will-be-starting-anything"
`;
